ID,Created_DTS,Generation,Generations_Completed_This_Session,BestIndividual_ID,BestIndividual_Training_Error,Average_Training_Error,BestIndividual_Test_Error,Number_Of_Training_Cases,Number_Of_Test_Cases,Genome Length,Best_Genome,Population_Size,Alternation_Rate,Uniform_Mutation_Rate,Example_Case_Max_Length,Example_Case_Upper_Range
32,2019-08-27 07:19:11.240,10,6,0,0,3.10574792002509E+16,0.1,10,10,475,{:instruction EXEC.DO*RANGE :close  0}{:instruction CODE.NOOP :close  0}{:instruction FLOAT.- :close  0}{:instruction FLOAT.FROMINTEGER :close  0}{:instruction EXEC.DO*RANGE :close  0}{:instruction INTEGER.> :close  0}{:instruction BOOLEAN.SHOVE :close  0}{:instruction BOOLEAN.STACKDEPTH :close  0}{:instruction FLOAT.YANK :close  0}{:instruction INTEGER.FROMFLOAT :close  0}{:instruction FLOAT./ :close  4}{:instruction FLOAT.FLUSH :close  0}{:instruction EXEC.K :close  0},50000,0.2,0.2,100,100
31,2019-08-27 06:28:04.847,9,5,10,0,3.26315948645655E+16,0,10,10,339,{:instruction EXEC.DO*RANGE :close  0}{:instruction FLOAT.FROMINTEGER :close  0}{:instruction EXEC.DO*RANGE :close  0}{:instruction INTEGER.> :close  0}{:instruction INTEGER.YANK :close  0}{:instruction INTEGER.YANK :close  0}{:instruction FLOAT.YANK :close  0}{:instruction INTEGER.FROMFLOAT :close  0}{:instruction BOOLEAN.DUP :close  0},50000,0.2,0.2,100,100
30,2019-08-27 05:37:56.750,8,4,8,0,2.57251983400565E+16,0,10,10,438,{:instruction FLOAT.YANKDUP :close  0}{:instruction CODE.CDR :close  0}{:instruction EXEC.DO*RANGE :close  0}{:instruction FLOAT.FROMINTEGER :close  0}{:instruction EXEC.DO*RANGE :close  0}{:instruction INTEGER.> :close  0}{:instruction CODE.YANK :close  0}{:instruction BOOLEAN.NOR :close  0}{:instruction CODE.DO* :close  0}{:instruction FLOAT.YANK :close  0}{:instruction INTEGER.FROMFLOAT :close  0}{:instruction FLOAT.YANK :close  0},50000,0.2,0.2,100,100
29,2019-08-27 04:48:14.470,7,3,12,0,2.92163936440088E+16,0,10,10,473,{:instruction EXEC.DO*RANGE :close  0}{:instruction FLOAT.FROMINTEGER :close  0}{:instruction EXEC.DO*RANGE :close  0}{:instruction INTEGER./ :close  0}{:instruction INTEGER.YANK :close  0}{:instruction INTEGER.> :close  0}{:instruction INTEGER.YANK :close  0}{:instruction EXEC.S :close  0}{:instruction FLOAT.YANK :close  0}{:instruction INTEGER.FROMFLOAT :close  0}{:instruction FLOAT./ :close  4}{:instruction FLOAT.FLUSH :close  0}{:instruction INTEGER.SWAP :close  0},50000,0.2,0.2,100,100
28,2019-08-27 03:59:47.700,6,2,1,0,2.73024883119915E+16,0.1,10,10,400,{:instruction EXEC.DO*RANGE :close  0}{:instruction FLOAT.FROMINTEGER :close  0}{:instruction EXEC.DO*RANGE :close  0}{:instruction INTEGER.> :close  0}{:instruction INTEGER.YANK :close  0}{:instruction CODE.NOOP :close  0}{:instruction FLOAT.YANK :close  0}{:instruction INTEGER.FROMFLOAT :close  0}{:instruction FLOAT./ :close  4}{:instruction FLOAT.FLUSH :close  0}{:instruction EXEC.IF :close  0},50000,0.2,0.2,100,100
27,2019-08-27 03:15:41.043,5,1,1,0,2.59263638292754E+16,0.1,10,10,402,{:instruction EXEC.DO*RANGE :close  0}{:instruction FLOAT.FROMINTEGER :close  0}{:instruction EXEC.DO*RANGE :close  0}{:instruction INTEGER.> :close  0}{:instruction INTEGER.YANK :close  0}{:instruction BOOLEAN.NOR :close  0}{:instruction FLOAT.YANK :close  0}{:instruction INTEGER.FROMFLOAT :close  0}{:instruction FLOAT./ :close  4}{:instruction FLOAT.FLUSH :close  0}{:instruction EXEC.IF :close  0},50000,0.2,0.2,100,100
26,2019-08-27 01:36:41.487,4,0,0,0.7,429.74071756925,0.9,10,10,402,{:instruction EXEC.DO*RANGE :close  0}{:instruction FLOAT.FROMINTEGER :close  0}{:instruction EXEC.DO*RANGE :close  0}{:instruction INTEGER.> :close  0}{:instruction INTEGER.YANK :close  0}{:instruction BOOLEAN.NOR :close  0}{:instruction FLOAT.YANK :close  0}{:instruction INTEGER.FROMFLOAT :close  0}{:instruction FLOAT./ :close  4}{:instruction FLOAT.FLUSH :close  0}{:instruction EXEC.IF :close  0},50000,0.2,0.2,100,100
25,2019-08-26 18:33:44.967,3,3,2,0,1.61773094502281E+16,0.1,10,10,317,{:instruction INTEGER.DUP :close  0}{:instruction INTEGER.STACKDEPTH :close  0}{:instruction EXEC.Y :close  0}{:instruction INTEGER.YANK :close  4}{:instruction True :close  0}{:instruction BOOLEAN.ROT :close  0}{:instruction FLOAT.SHOVE :close  0}{:instruction FLOAT.> :close  4}{:instruction BOOLEAN.SWAP :close  0},50000,0.2,0.2,100,100
24,2019-08-26 16:54:44.800,2,2,9,0,2.94793262063336E+16,0.1,10,10,559,{:instruction INTEGER.DUP :close  0}{:instruction INTEGER.STACKDEPTH :close  0}{:instruction EXEC.Y :close  0}{:instruction INTEGER.YANK :close  4}{:instruction CODE.POP :close  0}{:instruction CODE.CDR :close  0}{:instruction INTEGER.< :close  0}{:instruction CODE.APPEND :close  0}{:instruction CODE.CONTAINER :close  0}{:instruction CODE.LENGTH :close  0}{:instruction FLOAT.POP :close  0}{:instruction INTEGER.MAX :close  4}{:instruction CODE.SIZE :close  0}{:instruction FLOAT./ :close  4}{:instruction True :close  0}{:instruction BOOLEAN.DUP :close  0},50000,0.2,0.2,100,100
23,2019-08-26 15:31:10.570,1,1,437,0,3.47114339172301E+16,0.1,10,10,402,{:instruction EXEC.DO*RANGE :close  0}{:instruction FLOAT.FROMINTEGER :close  0}{:instruction EXEC.DO*RANGE :close  0}{:instruction INTEGER.> :close  0}{:instruction INTEGER.YANK :close  0}{:instruction BOOLEAN.NOR :close  0}{:instruction FLOAT.YANK :close  0}{:instruction INTEGER.FROMFLOAT :close  0}{:instruction FLOAT./ :close  4}{:instruction FLOAT.FLUSH :close  0}{:instruction EXEC.IF :close  0},50000,0.2,0.2,100,100
22,2019-08-26 14:47:33.830,0,0,24927,0.4,2.41395281610491E+16,1,10,10,322,{:instruction EXEC.DO*RANGE :close  0}{:instruction INTEGER.> :close  0}{:instruction INTEGER.YANK :close  0}{:instruction BOOLEAN.NOR :close  0}{:instruction FLOAT.YANK :close  0}{:instruction INTEGER.FROMFLOAT :close  0}{:instruction FLOAT./ :close  4}{:instruction FLOAT.FLUSH :close  0}{:instruction EXEC.IF :close  0},50000,0.2,0.2,100,100

(11 row(s) affected)

